
Configuration error!

Versions
========

* Platform:         linux; (Linux-6.18.33.2-microsoft-standard-WSL2-x86_64-with-glibc2.39)
* Python version:   3.12.3 (CPython)
* Sphinx version:   9.1.0
* Docutils version: 0.22.4
* Jinja2 version:   3.1.6
* Pygments version: 2.21.0

Last Messages
=============

None.

Loaded Extensions
=================

None.

Traceback
=========

      File "/home/xxl/.venvs/infinitensor-2026/lib/python3.12/site-packages/sphinx/config.py", line 611, in eval_config_file
        raise ConfigError(msg % traceback.format_exc()) from exc
    sphinx.errors.ConfigError: There is a programmable error in your configuration file:
    
    Traceback (most recent call last):
      File "/home/xxl/.venvs/infinitensor-2026/lib/python3.12/site-packages/sphinx/config.py", line 596, in eval_config_file
        exec(code, namespace)  # NoQA: S102
        ^^^^^^^^^^^^^^^^^^^^^
      File "/mnt/c/Users/xxl/Projects/infinitensor-2026/ninetoothed/docs/source/conf.py", line 11, in <module>
        from visualize import (
      File "/mnt/c/Users/xxl/Projects/infinitensor-2026/ninetoothed/docs/source/visualize.py", line 4, in <module>
        from ninetoothed.visualization import (
      File "/mnt/c/Users/xxl/Projects/infinitensor-2026/ninetoothed/src/ninetoothed/visualization.py", line 4, in <module>
        import tkinter
    ModuleNotFoundError: No module named 'tkinter'


The full traceback has been saved in:
/tmp/sphinx-err-0p5mds2t.log

To report this error to the developers, please open an issue at <https://github.com/sphinx-doc/sphinx/issues/>. Thanks!
Please also report this if it was a user error, so that a better error message can be provided next time.
