  + Exception Group Traceback (most recent call last):
  |   File "/home/xxl/.venvs/infinitensor-2026/lib/python3.12/site-packages/sphinx/ext/autosummary/generate.py", line 664, in generate_autosummary_docs
  |     name, obj, parent, modname = import_by_name(entry.name)
  |                                  ^^^^^^^^^^^^^^^^^^^^^^^^^^
  |   File "/home/xxl/.venvs/infinitensor-2026/lib/python3.12/site-packages/sphinx/ext/autosummary/__init__.py", line 682, in import_by_name
  |     raise ImportExceptionGroup(msg, exceptions)
  | sphinx.ext.autosummary.ImportExceptionGroup: could not import ninetoothed.debugging.simulate_arrangement (4 sub-exceptions)
  +-+---------------- 1 ----------------
    | Traceback (most recent call last):
    |   File "/home/xxl/.venvs/infinitensor-2026/lib/python3.12/site-packages/sphinx/ext/autosummary/__init__.py", line 696, in _import_by_name
    |     mod = _import_module(modname)
    |           ^^^^^^^^^^^^^^^^^^^^^^^
    |   File "/home/xxl/.venvs/infinitensor-2026/lib/python3.12/site-packages/sphinx/ext/autodoc/_dynamic/_importer.py", line 221, in _import_module
    |     module = importlib.import_module(modname)
    |              ^^^^^^^^^^^^^^^^^^^^^^^^^^^^^^^^
    |   File "/usr/lib/python3.12/importlib/__init__.py", line 90, in import_module
    |     return _bootstrap._gcd_import(name[level:], package, level)
    |            ^^^^^^^^^^^^^^^^^^^^^^^^^^^^^^^^^^^^^^^^^^^^^^^^^^^^
    |   File "<frozen importlib._bootstrap>", line 1387, in _gcd_import
    |   File "<frozen importlib._bootstrap>", line 1360, in _find_and_load
    |   File "<frozen importlib._bootstrap>", line 1331, in _find_and_load_unlocked
    |   File "<frozen importlib._bootstrap>", line 935, in _load_unlocked
    |   File "<frozen importlib._bootstrap_external>", line 995, in exec_module
    |   File "<frozen importlib._bootstrap>", line 488, in _call_with_frames_removed
    |   File "/home/xxl/nine-debug-failure-20260908-7d158f3-run2/source/src/ninetoothed/debugging.py", line 7, in <module>
    |     import torch
    | ModuleNotFoundError: No module named 'torch'
    +---------------- 2 ----------------
    | Traceback (most recent call last):
    |   File "/home/xxl/.venvs/infinitensor-2026/lib/python3.12/site-packages/sphinx/ext/autosummary/__init__.py", line 708, in _import_by_name
    |     _import_module(modname)
    |   File "/home/xxl/.venvs/infinitensor-2026/lib/python3.12/site-packages/sphinx/ext/autodoc/_dynamic/_importer.py", line 215, in _import_module
    |     spec = find_spec(modname)
    |            ^^^^^^^^^^^^^^^^^^
    |   File "<frozen importlib.util>", line 92, in find_spec
    |   File "/home/xxl/nine-debug-failure-20260908-7d158f3-run2/source/src/ninetoothed/debugging.py", line 7, in <module>
    |     import torch
    | ModuleNotFoundError: No module named 'torch'
    +---------------- 3 ----------------
    | Traceback (most recent call last):
    |   File "/home/xxl/.venvs/infinitensor-2026/lib/python3.12/site-packages/sphinx/ext/autosummary/__init__.py", line 708, in _import_by_name
    |     _import_module(modname)
    |   File "/home/xxl/.venvs/infinitensor-2026/lib/python3.12/site-packages/sphinx/ext/autodoc/_dynamic/_importer.py", line 221, in _import_module
    |     module = importlib.import_module(modname)
    |              ^^^^^^^^^^^^^^^^^^^^^^^^^^^^^^^^
    |   File "/usr/lib/python3.12/importlib/__init__.py", line 90, in import_module
    |     return _bootstrap._gcd_import(name[level:], package, level)
    |            ^^^^^^^^^^^^^^^^^^^^^^^^^^^^^^^^^^^^^^^^^^^^^^^^^^^^
    |   File "<frozen importlib._bootstrap>", line 1387, in _gcd_import
    |   File "<frozen importlib._bootstrap>", line 1360, in _find_and_load
    |   File "<frozen importlib._bootstrap>", line 1331, in _find_and_load_unlocked
    |   File "<frozen importlib._bootstrap>", line 935, in _load_unlocked
    |   File "<frozen importlib._bootstrap_external>", line 995, in exec_module
    |   File "<frozen importlib._bootstrap>", line 488, in _call_with_frames_removed
    |   File "/home/xxl/nine-debug-failure-20260908-7d158f3-run2/source/src/ninetoothed/debugging.py", line 7, in <module>
    |     import torch
    | ModuleNotFoundError: No module named 'torch'
    +---------------- 4 ----------------
    | Traceback (most recent call last):
    |   File "/home/xxl/.venvs/infinitensor-2026/lib/python3.12/site-packages/sphinx/ext/autosummary/__init__.py", line 720, in _import_by_name
    |     obj = getattr(obj, obj_name)
    |           ^^^^^^^^^^^^^^^^^^^^^^
    | AttributeError: module 'ninetoothed' has no attribute 'debugging'
    +------------------------------------

During handling of the above exception, another exception occurred:

  + Exception Group Traceback (most recent call last):
  |   File "<frozen runpy>", line 198, in _run_module_as_main
  |   File "<frozen runpy>", line 88, in _run_code
  |   File "/home/xxl/.venvs/infinitensor-2026/lib/python3.12/site-packages/sphinx/__main__.py", line 9, in <module>
  |     raise SystemExit(main(sys.argv[1:]))
  |                      ^^^^^^^^^^^^^^^^^^
  |   File "/home/xxl/.venvs/infinitensor-2026/lib/python3.12/site-packages/sphinx/cmd/build.py", line 493, in main
  |     return build_main(argv)
  |            ^^^^^^^^^^^^^^^^
  |   File "/home/xxl/.venvs/infinitensor-2026/lib/python3.12/site-packages/sphinx/cmd/build.py", line 414, in build_main
  |     app = Sphinx(
  |           ^^^^^^^
  |   File "/home/xxl/.venvs/infinitensor-2026/lib/python3.12/site-packages/sphinx/application.py", line 340, in __init__
  |     self._init_builder()
  |   File "/home/xxl/.venvs/infinitensor-2026/lib/python3.12/site-packages/sphinx/application.py", line 430, in _init_builder
  |     self.events.emit('builder-inited')
  |   File "/home/xxl/.venvs/infinitensor-2026/lib/python3.12/site-packages/sphinx/events.py", line 441, in emit
  |     results.append(listener.handler(self._app, *args))
  |                    ^^^^^^^^^^^^^^^^^^^^^^^^^^^^^^^^^^
  |   File "/home/xxl/.venvs/infinitensor-2026/lib/python3.12/site-packages/sphinx/ext/autosummary/__init__.py", line 870, in process_generate_options
  |     generate_autosummary_docs(
  |   File "/home/xxl/.venvs/infinitensor-2026/lib/python3.12/site-packages/sphinx/ext/autosummary/generate.py", line 669, in generate_autosummary_docs
  |     name, obj, parent, modname = import_ivar_by_name(entry.name)
  |                                  ^^^^^^^^^^^^^^^^^^^^^^^^^^^^^^^
  |   File "/home/xxl/.venvs/infinitensor-2026/lib/python3.12/site-packages/sphinx/ext/autosummary/__init__.py", line 740, in import_ivar_by_name
  |     real_name, obj, _parent, modname = import_by_name(name, prefixes)
  |                                        ^^^^^^^^^^^^^^^^^^^^^^^^^^^^^^
  |   File "/home/xxl/.venvs/infinitensor-2026/lib/python3.12/site-packages/sphinx/ext/autosummary/__init__.py", line 682, in import_by_name
  |     raise ImportExceptionGroup(msg, exceptions)
  | sphinx.ext.autosummary.ImportExceptionGroup: could not import ninetoothed.debugging (3 sub-exceptions)
  +-+---------------- 1 ----------------
    | Traceback (most recent call last):
    |   File "/home/xxl/.venvs/infinitensor-2026/lib/python3.12/site-packages/sphinx/ext/autosummary/__init__.py", line 697, in _import_by_name
    |     return getattr(mod, name_parts[-1]), mod, modname
    |            ^^^^^^^^^^^^^^^^^^^^^^^^^^^^
    | AttributeError: module 'ninetoothed' has no attribute 'debugging'
    +---------------- 2 ----------------
    | Traceback (most recent call last):
    |   File "/home/xxl/.venvs/infinitensor-2026/lib/python3.12/site-packages/sphinx/ext/autosummary/__init__.py", line 708, in _import_by_name
    |     _import_module(modname)
    |   File "/home/xxl/.venvs/infinitensor-2026/lib/python3.12/site-packages/sphinx/ext/autodoc/_dynamic/_importer.py", line 221, in _import_module
    |     module = importlib.import_module(modname)
    |              ^^^^^^^^^^^^^^^^^^^^^^^^^^^^^^^^
    |   File "/usr/lib/python3.12/importlib/__init__.py", line 90, in import_module
    |     return _bootstrap._gcd_import(name[level:], package, level)
    |            ^^^^^^^^^^^^^^^^^^^^^^^^^^^^^^^^^^^^^^^^^^^^^^^^^^^^
    |   File "<frozen importlib._bootstrap>", line 1387, in _gcd_import
    |   File "<frozen importlib._bootstrap>", line 1360, in _find_and_load
    |   File "<frozen importlib._bootstrap>", line 1331, in _find_and_load_unlocked
    |   File "<frozen importlib._bootstrap>", line 935, in _load_unlocked
    |   File "<frozen importlib._bootstrap_external>", line 995, in exec_module
    |   File "<frozen importlib._bootstrap>", line 488, in _call_with_frames_removed
    |   File "/home/xxl/nine-debug-failure-20260908-7d158f3-run2/source/src/ninetoothed/debugging.py", line 7, in <module>
    |     import torch
    | ModuleNotFoundError: No module named 'torch'
    +---------------- 3 ----------------
    | Traceback (most recent call last):
    |   File "/home/xxl/.venvs/infinitensor-2026/lib/python3.12/site-packages/sphinx/ext/autosummary/__init__.py", line 720, in _import_by_name
    |     obj = getattr(obj, obj_name)
    |           ^^^^^^^^^^^^^^^^^^^^^^
    | AttributeError: module 'ninetoothed' has no attribute 'debugging'
    +------------------------------------
