{
  "python": "3.12.7 | packaged by Anaconda, Inc. | (main, Oct  4 2024, 13:27:36) [GCC 11.2.0]",
  "python_executable": "/home/vipuser/infinitensor-2026/.venv/bin/python",
  "platform": {
    "system": "Linux",
    "machine": "x86_64"
  },
  "packages": {
    "torch": "2.5.0",
    "triton": "3.1.0",
    "numpy": "2.1.3",
    "sympy": "1.13.1",
    "pytest": "8.1.1",
    "pytest-cov": null,
    "coverage": null,
    "tilelang": null,
    "matplotlib": null,
    "pandas": null,
    "jupyter": null,
    "jupytext": null,
    "nbconvert": null,
    "ipykernel": null,
    "ninetoothed": null
  },
  "torch_import_version": "2.5.0+cu124",
  "torch_cuda_build_version": "12.4",
  "torch_cuda_available": true,
  "torch_float8_e5m2_attribute": true,
  "cuda_devices": [
    {
      "index": 0,
      "name": "NVIDIA A100-SXM4-40GB",
      "compute_capability": [
        8,
        0
      ],
      "total_memory_bytes": 42285268992,
      "multiprocessor_count": 108
    }
  ]
}
